Command: C:\PROJECT_ESP32\Espressif\python_env\idf5.5_py3.11_env\Scripts\python.exe C:\PROJECT_ESP32\Espressif\frameworks\esp-idf-v5.5\tools/idf_monitor.py -p COM7 -b 115200 --toolchain-prefix xtensa-esp32-elf- --target esp32 --revision 0 C:\PROJECT_ESP32\Espressif\frameworks\esp-idf-v5.5\examples\get-started\RTOS_part2\build\RTOS_part2.elf C:\PROJECT_ESP32\Espressif\frameworks\esp-idf-v5.5\examples\get-started\RTOS_part2\build\bootloader\bootloader.elf --force-color -m 'C:\PROJECT_ESP32\Espressif\python_env\idf5.5_py3.11_env\Scripts\python.exe' 'C:\PROJECT_ESP32\Espressif\frameworks\esp-idf-v5.5\tools\idf.py' '-p' 'COM7'
ï¿½rï¿½j
[0;32mI (34) boot.esp32ï¿½ets Jul 29 2019 12:21:46[0m

rst:0x1 (POWERON_RESET),boot:0x13 (SPI_FAST_FLASH_BOOT)
configsip: 0, SPIWP:0xee
clk_drv:0x00,q_drv:0x00,d_drv:0x00,cs0_drv:0x00,hd_drv:0x00,wp_drv:0x00
mode:DIO, clock div:2
load:0x3fff0030,len:6380
ho 0 tail 12 room 4
load:0x40078000,len:15916
load:0x40080400,len:3860
entry 0x40080638
[0;32mI (29) boot: ESP-IDF v5.5-dirty 2nd stage bootloader[0m
[0;32mI (29) boot: compile time Aug 18 2025 09:30:05[0m
[0;32mI (29) boot: Multicore bootloader[0m
[0;32mI (31) boot: chip revision: v3.0[0m
[0;32mI (34) boot.esp32: SPI Speed      : 40MHz[0m
[0;32mI (37) boot.esp32: SPI Mode       : DIO[0m
[0;32mI (41) boot.esp32: SPI Flash Size : 2MB[0m
[0;32mI (45) boot: Enabling RNG early entropy source...[0m
[0;32mI (49) boot: Partition Table:[0m
[0;32mI (52) boot: ## Label            Usage          Type ST Offset   Length[0m
[0;32mI (58) boot:  0 nvs              WiFi data        01 02 00009000 00006000[0m
[0;32mI (65) boot:  1 phy_init         RF data          01 01 0000f000 00001000[0m
[0;32mI (71) boot:  2 factory          factory app      00 00 00010000 00100000[0m
[0;32mI (78) boot: End of partition table[0m
[0;32mI (81) esp_image: segment 0: paddr=00010020 vaddr=3f400020 size=09200h ( 37376) map[0m
[0;32mI (101) esp_image: segment 1: paddr=00019228 vaddr=3ff80000 size=00020h (    32) load[0m
[0;32mI (101) esp_image: segment 2: paddr=00019250 vaddr=3ffb0000 size=022a8h (  8872) load[0m
[0;32mI (109) esp_image: segment 3: paddr=0001b500 vaddr=40080000 size=04b18h ( 19224) load[0m
[0;32mI (121) esp_image: segment 4: paddr=00020020 vaddr=400d0020 size=161bch ( 90556) map[0m
[0;32mI (152) esp_image: segment 5: paddr=000361e4 vaddr=40084b18 size=09548h ( 38216) load[0m
[0;32mI (174) boot: Loaded app from partition at offset 0x10000[0m
[0;32mI (174) boot: Disabling RNG early entropy source...[0m
[0;32mI (184) cpu_start: Multicore app[0m
[0;32mI (193) cpu_start: Pro cpu start user code[0m
[0;32mI (193) cpu_start: cpu freq: 160000000 Hz[0m
[0;32mI (193) app_init: Application information:[0m
[0;32mI (193) app_init: Project name:     RTOS_part2[0m
[0;32mI (197) app_init: App version:      v5.5-dirty[0m
[0;32mI (201) app_init: Compile time:     Aug 18 2025 09:29:49[0m
[0;32mI (206) app_init: ELF file SHA256:  f6f1bc017...[0m
[0;32mI (210) app_init: ESP-IDF:          v5.5-dirty[0m
[0;32mI (215) efuse_init: Min chip rev:     v0.0[0m
[0;32mI (218) efuse_init: Max chip rev:     v3.99 [0m
[0;32mI (222) efuse_init: Chip rev:         v3.0[0m
[0;32mI (227) heap_init: Initializing. RAM available for dynamic allocation:[0m
[0;32mI (233) heap_init: At 3FFAE6E0 len 00001920 (6 KiB): DRAM[0m
[0;32mI (238) heap_init: At 3FFB2B40 len 0002D4C0 (181 KiB): DRAM[0m
[0;32mI (243) heap_init: At 3FFE0440 len 00003AE0 (14 KiB): D/IRAM[0m
[0;32mI (248) heap_init: At 3FFE4350 len 0001BCB0 (111 KiB): D/IRAM[0m
[0;32mI (254) heap_init: At 4008E060 len 00011FA0 (71 KiB): IRAM[0m
[0;32mI (260) spi_flash: detected chip: generic[0m
[0;32mI (263) spi_flash: flash io: dio[0m
[0;33mW (266) spi_flash: Detected size(4096k) larger than the size in the binary image header(2048k). Using the size in the binary image header.[0m
[0;32mI (279) main_task: Started on CPU0[0m
[0;32mI (289) main_task: Calling app_main()[0m
[0;32mI (289) UART: Task 1 sent: Task 1 of Bach (cnt = 1)[0m

[0;32mI (289) main_task: Returned from app_main()[0m
[0;32mI (929) UART: Task 2 sent: Task 2 of Bach (cnt = 1)[0m

[0;32mI (1629) UART: Received line 1: Task 1 of Bach (cnt = 4)[0m
[0;32mI (1629) UART: Received line 2: [0m

[0;32mI (2129) UART: Task 1 sent: Task 1 of Bach (cnt = 2)[0m

[0;32mI (2679) UART: Task 2 sent: Task 2 of Bach (cnt = 2)[0m

[0;32mI (3469) UART: Received line 1: Task 2 of Bach (cnt = 4)[0m
[0;32mI (3469) UART: Received line 2: [0m

[0;32mI (3969) UART: Task 1 sent: Task 1 of Bach (cnt = 3)[0m

[0;32mI (4699) UART: Task 2 sent: Task 2 of Bach (cnt = 3)[0m

[0;32mI (5539) UART: Received line 1: Task 1 of Bach (cnt = 5)[0m
[0;32mI (5539) UART: Received line 2: [0m

[0;32mI (6039) UART: Task 1 sent: Task 1 of Bach (cnt = 4)[0m

[0;32mI (6569) UART: Task 2 sent: Task 2 of Bach (cnt = 4)[0m

[0;32mI (7349) UART: Received line 1: Task 2 of Bach (cnt = 5)[0m
[0;32mI (7349) UART: Received line 2: [0m

[0;32mI (7849) UART: Task 1 sent: Task 1 of Bach (cnt = 5)[0m

[0;32mI (8639) UART: Task 2 sent: Task 2 of Bach (cnt = 5)[0m

[0;32mI (9499) UART: Received line 1: Task 1 of Bach (cnt = 6)[0m
[0;32mI (9499) UART: Received line 2: [0m

[0;32mI (9999) UART: Task 1 sent: Task 1 of Bach (cnt = 6)[0m

ets Jul 29 2019 12:21:46

rst:0x1 (POWERON_RESET),ï¿½etï¿½ets Jul 29 2019 12:21:46

rst:0x1 (POWERON_RESET),boot:0x13 (SPI_FAST_FLASH_BOOT)
configsip: 0, SPIWP:0xee
clk_drv:0x00,q_drv:0x00,d_drv:0x00,cs0_drv:0x00,hd_drv:0x00,wp_drv:0x00
mode:DIO, clock div:2
load:0x3fff0030,len:6380
ho 0 tail 12 room 4
load:0x40078000,len:15916
load:0x40080400,len:3860
entry 0x40080638
[0;32mI (29) boot: ESP-IDF v5.5-dirty 2nd stage bootloader[0m
[0;32mI (29) boot: compile time Aug 18 2025 09:30:05[0m
[0;32mI (29) boot: Multicore bootloader[0m
[0;32mI (31) boot: chip revision: v3.0[0m
[0;32mI (34) boot.esp32: SPI Speed      : 40MHz[0m
[0;32mI (37) boot.esp32: SPI Mode       : DIO[0m
[0;32mI (41) boot.esp32: SPI Flash Size : 2MB[0m
[0;32mI (45) boot: Enabling RNG early entropy source...[0m
[0;32mI (49) boot: Partition Table:[0m
[0;32mI (52) boot: ## Label            Usage          Type ST Offset   Length[0m
[0;32mI (58) boot:  0 nvs              WiFi data        01 02 00009000 00006000[0m
[0;32mI (65) boot:  1 phy_init         RF data          01 01 0000f000 00001000[0m
[0;32mI (71) boot:  2 factory          factory app      00 00 00010000 00100000[0m
[0;32mI (78) boot: End of partition table[0m
[0;32mI (81) esp_image: segment 0: paddr=00010020 vaddr=3f400020 size=09200h ( 37376) map[0m
[0;32mI (101) esp_image: segment 1: paddr=00019228 vaddr=3ff80000 size=00020h (    32) load[0m
[0;32mI (101) esp_image: segment 2: paddr=00019250 vaddr=3ffb0000 size=022a8h (  8872) load[0m
[0;32mI (109) esp_image: segment 3: paddr=0001b500 vaddr=40080000 size=04b18h ( 19224) load[0m
[0;32mI (121) esp_image: segment 4: paddr=00020020 vaddr=400d0020 size=161bch ( 90556) map[0m
[0;32mI (152) esp_image: segment 5: paddr=000361e4 vaddr=40084b18 size=09548h ( 38216) load[0m
[0;32mI (174) boot: Loaded app from partition at offset 0x10000[0m
[0;32mI (174) boot: Disabling RNG early entropy source...[0m
[0;32mI (184) cpu_start: Multicore app[0m
[0;32mI (193) cpu_start: Pro cpu start user code[0m
[0;32mI (193) cpu_start: cpu freq: 160000000 Hz[0m
[0;32mI (193) app_init: Application information:[0m
[0;32mI (193) app_init: Project name:     RTOS_part2[0m
[0;32mI (197) app_init: App version:      v5.5-dirty[0m
[0;32mI (201) app_init: Compile time:     Aug 18 2025 09:29:49[0m
[0;32mI (206) app_init: ELF file SHA256:  f6f1bc017...[0m
[0;32mI (210) app_init: ESP-IDF:          v5.5-dirty[0m
[0;32mI (215) efuse_init: Min chip rev:     v0.0[0m
[0;32mI (218) efuse_init: Max chip rev:     v3.99 [0m
[0;32mI (222) efuse_init: Chip rev:         v3.0[0m
[0;32mI (227) heap_init: Initializing. RAM available for dynamic allocation:[0m
[0;32mI (233) heap_init: At 3FFAE6E0 len 00001920 (6 KiB): DRAM[0m
[0;32mI (238) heap_init: At 3FFB2B40 len 0002D4C0 (181 KiB): DRAM[0m
[0;32mI (243) heap_init: At 3FFE0440 len 00003AE0 (14 KiB): D/IRAM[0m
[0;32mI (248) heap_init: At 3FFE4350 len 0001BCB0 (111 KiB): D/IRAM[0m
[0;32mI (254) heap_init: At 4008E060 len 00011FA0 (71 KiB): IRAM[0m
[0;32mI (260) spi_flash: detected chip: generic[0m
[0;32mI (263) spi_flash: flash io: dio[0m
[0;33mW (266) spi_flash: Detected size(4096k) larger than the size in the binary image header(2048k). Using the size in the binary image header.[0m
[0;32mI (279) main_task: Started on CPU0[0m
[0;32mI (289) main_task: Calling app_main()[0m
[0;32mI (289) UART: Task 1 sent: Task 1 of Bach (cnt = 1)[0m

[0;32mI (289) main_task: Returned from app_main()[0m
[0;32mI (1159) UART: Task 2 sent: Task 2 of Bach (cnt = 1)[0m

ets Jul 29 2019 12:21:46

rst:0x1 (POWERON_RESET),boot:0ï¿½ets Jul 29 2019 12:21:46

rst:0x1 (POWERON_RESET),boot:0x13 (SPI_FAST_FLASH_BOOT)
configsip: 0, SPIWP:0xee
clk_drv:0x00,q_drv:0x00,d_drv:0x00,cs0_drv:0x00,hd_drv:0x00,wp_drv:0x00
mode:DIO, clock div:2
load:0x3fff0030,len:6380
ho 0 tail 12 room 4
load:0x40078000,len:15916
load:0x40080400,len:3860
entry 0x40080638
[0;32mI (29) boot: ESP-IDF v5.5-dirty 2nd stage bootloader[0m
[0;32mI (29) boot: compile time Aug 18 2025 09:30:05[0m
[0;32mI (29) boot: Multicore bootloader[0m
[0;32mI (31) boot: chip revision: v3.0[0m
[0;32mI (34) boot.esp32: SPI Speed      : 40MHz[0m
[0;32mI (37) boot.esp32: SPI Mode       : DIO[0m
[0;32mI (41) boot.esp32: SPI Flash Size : 2MB[0m
[0;32mI (45) boot: Enabling RNG early entropy source...[0m
[0;32mI (49) boot: Partition Table:[0m
[0;32mI (52) boot: ## Label            Usage          Type ST Offset   Length[0m
[0;32mI (58) boot:  0 nvs              WiFi data        01 02 00009000 00006000[0m
[0;32mI (65) boot:  1 phy_init         RF data          01 01 0000f000 00001000[0m
[0;32mI (71) boot:  2 factory          factory app      00 00 00010000 00100000[0m
[0;32mI (78) boot: End of partition table[0m
[0;32mI (81) esp_image: segment 0: paddr=00010020 vaddr=3f400020 size=09200h ( 37376) map[0m
[0;32mI (101) esp_image: segment 1: paddr=00019228 vaddr=3ff80000 size=00020h (    32) load[0m
[0;32mI (101) esp_image: segment 2: paddr=00019250 vaddr=3ffb0000 size=022a8h (  8872) load[0m
[0;32mI (109) esp_image: segment 3: paddr=0001b500 vaddr=40080000 size=04b18h ( 19224) load[0m
[0;32mI (121) esp_image: segment 4: paddr=00020020 vaddr=400d0020 size=161bch ( 90556) map[0m
[0;32mI (152) esp_image: segment 5: paddr=000361e4 vaddr=40084b18 size=09548h ( 38216) load[0m
[0;32mI (174) boot: Loaded app from partition at offset 0x10000[0m
[0;32mI (174) boot: Disabling RNG early entropy source...[0m
[0;32mI (184) cpu_start: Multicore app[0m
[0;32mI (193) cpu_start: Pro cpu start user code[0m
[0;32mI (193) cpu_start: cpu freq: 160000000 Hz[0m
[0;32mI (193) app_init: Application information:[0m
[0;32mI (193) app_init: Project name:     RTOS_part2[0m
[0;32mI (197) app_init: App version:      v5.5-dirty[0m
[0;32mI (201) app_init: Compile time:     Aug 18 2025 09:29:49[0m
[0;32mI (206) app_init: ELF file SHA256:  f6f1ets Jul 29 2019 12:21:46[0m

rst:0x1ï¿½eets Jul 29 2019 12:21:46

rst:0x1 (POWERON_RESET),boot:0x13 (SPI_FAST_FLASH_BOOT)
configsip: 0, SPIWP:0xee
clk_drv:0x00,q_drv:0x00,d_drv:0x00,cs0_drv:0x00,hd_drv:0x00,wp_drv:0x00
mode:DIO, clock div:2
load:0x3fff0030,len:6380
ho 0 tail 12 room 4
load:0x40078000,len:15916
load:0x40080400,len:3860
entry 0x40080638
[0;32mI (29) boot: ESP-IDF v5.5-dirty 2nd stage bootloader[0m
[0;32mI (29) boot: compile time Aug 18 2025 09:30:05[0m
[0;32mI (29) boot: Multicore bootloader[0m
[0;32mI (31) boot: chip revision: v3.0[0m
[0;32mI (34) boot.esp32: SPI Speed      : 40MHz[0m
[0;32mI (37) boot.esp32: SPI Mode       : DIO[0m
[0;32mI (41) boot.esp32: SPI Flash Size : 2MB[0m
[0;32mI (45) boot: Enabling RNG early entropy source...[0m
[0;32mI (49) boot: Partition Table:[0m
[0;32mI (52) boot: ## Label            Usage          Type ST Offset   Length[0m
[0;32mI (58) boot:  0 nvs              WiFi data        01 02 00009000 00006000[0m
[0;32mI (65) boot:  1 phy_init         RF data          01 01 0000f000 00001000[0m
[0;32mI (71) boot:  2 factory          factory app      00 00 00010000 00100000[0m
[0;32mI (78) boot: End of partition table[0m
[0;32mI (81) esp_image: segment 0: paddr=00010020 vaddr=3f400020 size=09200h ( 37376) map[0m
[0;32mI (101) esp_image: segment 1: paddr=00019228 vaddr=3ff80000 size=00020h (    32) load[0m
[0;32mI (101) esp_image: segment 2: paddr=00019250 vaddr=3ffb0000 size=022a8h (  8872) load[0m
[0;32mI (109) esp_image: segment 3: paddr=0001b500 vaddr=40080000 size=04b18h ( 19224) load[0m
[0;32mI (121) esp_image: segment 4: paddr=00020020 vaddr=400d0020 size=161bch ( 90556) map[0m
[0;32mI (152) esp_image: segment 5: paddr=000361e4 vaddr=40084b18 size=09548h ( 38216) load[0m
[0;32mI (174) boot: Loaded app from partition at offset 0x10000[0m
[0;32mI (174) boot: Disabling RNG early entropy source...[0m
[0;32mI (184) cpu_start: Multicore app[0m
[0;32mI (193) cpu_start: Pro cpu start user code[0m
[0;32mI (193) cpu_start: cpu freq: 160000000 Hz[0m
[0;32mI (193) app_init: Application information:[0m
[0;32mI (193) app_init: Project name:     RTOS_part2[0m
[0;32mI (197) app_init: App version:      v5.5-dirty[0m
[0;32mI (201) app_init: Compile time:     Aug 18 2025 09:29:49[0m
[0;32mI (206) app_init: ELF file SHA256:  f6f1bc017...[0m
[0;32mI (210) app_init: ESP-IDF:          v5.5-dirty[0m
[0;32mI (215) efuse_init: Min chip rev:     v0.0[0m
[0;32mI (218) efuse_init: Max chip rev:     v3.99 [0m
[0;32mI (222) efuse_init: Chip rev:         v3.0[0m
[0;32mI (227) heap_init: Initializing. RAM available for dynamic allocation:[0m
[0;32mI (233) heap_init: At 3FFAE6E0 len 00001920 (6 KiB): DRAM[0m
[0;32mI (238) heap_init: At 3FFB2B40 len 0002D4C0 (181 KiB): DRAM[0m
[0;32mI (243) heap_init: At 3FFE0440 len 00003AE0 (14 KiB): D/IRAM[0m
[0;32mI (248) heap_init: At 3FFE4350 len 0001BCB0 (111 KiB): D/IRAM[0m
[0;32mI (254) heap_init: At 4008E060 len 00011FA0 (71 KiB): IRAM[0m
[0;32mI (260) spi_flash: detected chip: generic[0m
[0;32mI (263) spi_flash: flash io: dio[0m
[0;33mW (266) spi_flash: Detected size(4096k) larger than the size in the binary image header(2048k). Using the size in the binary image header.[0m
[0;32mI (279) main_task: Started on CPU0[0m
[0;32mI (289) main_task: Calling app_main()[0m
[0;32mI (289) UART: Task 1 sent: Task 1 of Bach (cnt = 1)[0m

[0;32mI (289) main_task: Returned from app_main()[0m
ets Jul 29 2019 12:21:46

rst:0x1 (POï¿½ets Jul 29 2019 12:21:46

rst:0x1 (POWERON_RESET),boot:0x13 (SPI_FAST_FLASH_BOOT)
configsip: 0, SPIWP:0xee
clk_drv:0x00,q_drv:0x00,d_drv:0x00,cs0_drv:0x00,hd_drv:0x00,wp_drv:0x00
mode:DIO, clock div:2
load:0x3fff0030,len:6380
ho 0 tail 12 room 4
load:0x40078000,len:15916
load:0x40080400,len:3860
entry 0x40080638
[0;32mI (29) boot: ESP-IDF v5.5-dirty 2nd stage bootloader[0m
[0;32mI (29) boot: compile time Aug 18 2025 09:30:05[0m
[0;32mI (29) boot: Multicore bootloader[0m
[0;32mI (31) boot: chip revision: v3.0[0m
[0;32mI (34) boot.esp32: SPI Speed      : 40MHz[0m
[0;32mI (37) boot.esp32: SPI Mode       : DIO[0m
[0;32mI (41) boot.esp32: SPI Flash Size : 2MB[0m
[0;32mI (45) boot: Enabling RNG early entropy source...[0m
[0;32mI (49) boot: Partition Table:[0m
[0;32mI (52) boot: ## Label            Usage          Type ST Offset   Length[0m
[0;32mI (58) boot:  0 nvs              WiFi data        01 02 00009000 00006000[0m
[0;32mI (65) boot:  1 phy_init         RF data          01 01 0000f000 00001000[0m
[0;32mI (71) boot:  2 factory          factory app      00 00 00010000 00100000[0m
[0;32mI (78) boot: End of partition table[0m
[0;32mI (81) esp_image: segment 0: paddr=00010020 vaddr=3f400020 size=09200h ( 37376) map[0m
[0;32mI (101) esp_image: segment 1: paddr=00019228 vaddr=3ff80000 size=00020h (    32) load[0m
[0;32mI (101) esp_image: segment 2: paddr=00019250 vaddr=3ffb0000 size=022a8h (  8872) load[0m
[0;32mI (109) esp_image: segment 3: paddr=0001b500 vaddr=40080000 size=04b18h ( 19224) load[0m
[0;32mI (121) esp_image: segment 4: paddr=00020020 vaddr=400d0020 size=161bch ( 90556) map[0m
[0;32mI (152) esp_image: segment 5: paddr=000361e4 vaddr=40084b18 size=09548h ( 38216) load[0m
[0;32mI (174) boot: Loaded app from partition at offset 0x10000[0m
[0;32mI (174) boot: Disabling RNG early entropy source...[0m
[0;32mI (184) cpu_start: Multicore app[0m
[0;32mI (193) cpu_start: Pro cpu start user code[0m
[0;32mI (193) cpu_start: cpu freq: 160000000 Hz[0m
[0;32mI (193) app_init: Application information:[0m
[0;32mI (193) app_init: Project name:     RTOS_part2[0m
[0;32mI (197) app_init: App version:      v5.5-dirty[0m
[0;32mI (201) app_init: Compile time:     Aug 18 2025 09:29:49[0m
[0;32mI (206) app_init: ELF file SHA256:  f6f1bc017...[0m
[0;32mI (210) app_init: ESP-IDF:          v5.5-dirty[0m
[0;32mI (215) efuse_init: Min chip rev:     v0.0[0m
[0;32mI (218) efuse_init: Max chip rev:     v3.99 [0m
[0;32mI (222) efuse_init: Chip rev:         v3.0[0m
[0;32mI (227) heap_init: Initializing. RAM available for dynamic allocation:[0m
[0;32mI (233) heap_init: At 3FFAE6E0 len 00001920 (6 KiB): DRAM[0m
[0;32mI (238) heap_init: At 3FFB2B40 len 0002D4C0 (181 KiB): DRAM[0m
[0;32mI (243) heap_init: At 3FFE0440 len 00003AE0 (14 KiB): D/IRAM[0m
[0;32mI (248) heap_init: At 3FFE4350 len 0001BCB0 (111 KiB): D/IRAM[0m
[0;32mI (254) heap_init: At 4008E060 len 00011FA0 (71 KiB): IRAM[0m
[0;32mI (260) spi_flash: detected chip: generic[0m
[0;32mI (263) spi_flash: flash io: dio[0m
[0;33mW (266) spi_flash: Detected size(4096k) larger than the size in the binary image header(2048k). Using the size in the binary image header.[0m
[0;32mI (279) main_task: Started on CPU0[0m
[0;32mI (289) main_task: Calling app_main()[0m
[0;32mI (289) UART: Task 1 sent: Task 1 of Bach (cnt = 1)[0m

[0;32mI (289) main_task: Returned from app_main()[0m
ets Jul 29 2019 12:21:46

rst:0x1 (POWERON_RESET),boot:0x13 (SPI_FAST_FLASH_BOOT)
configsip: 0, SPIWP:0xee
clk_drv:0x00,q_drv:0x00,d_drv:0x00,cs0_drv:0x00,hd_drv:0x00,wp_drv:0x00
mode:DIO, clock div:2
load:0x3fff0030,len:6380
ho 0 tail 12 room 4
load:0x40078000,len:15916
load:0x40080400,len:3860
entry 0x40080638
[0;32mI (29) boot: ESP-IDF v5.5-dirty 2nd stage bootloader[0m
[0;32mI (29) boot: compile time Aug 18 2025 09:30:05[0m
[0;32mI (29) boot: Multicore bootloader[0m
[0;32mI (31) boot: chip revision: v3.0[0m
[0;32mI (34) boot.esp32: SPI Speed      : 40MHz[0m
[0;32mI (37) boot.esp32: SPI Mode       : DIO[0m
I ï¿½ets Jul 29 2019 12:21:46

rst:0x1 (POWERON_RESET),boot:0x13 (SPI_FAST_FLASH_BOOT)
configsip: 0, SPIWP:0xee
clk_drv:0x00,q_drv:0x00,d_drv:0x00,cs0_drv:0x00,hd_drv:0x00,wp_drv:0x00
mode:DIO, clock div:2
load:0x3fff00ï¿½ets Jul 29 2019 12:21:46

rst:0x1 (POWERON_RESET),boot:0x13 (SPI_FAets Jul 29 2019 12:21:46

rst:0x1 (POWERON_RESET),boot:0x13 (SPI_FAST_FLASH_BOOT)
configsip: 0, SPIWP:0xee
clk_drv:0x00,q_drv:0x00,d_drv:0x00,cs0_drv:0x00,hd_drv:0x00,wp_drv:0x00
mode:DIO, clock div:2
load:0x3fff0030,len:6380
ho 0 tail 12 room 4
load:0x40078000,len:15916
load:0x40080400,len:3860
entry 0x40080638
[0;32mI (29) boot: ESP-IDF v5.5-dirty 2nd stage bootloader[0m
[0;32mI (29) boot: compile time Aug 18 2025 09:30:05[0m
[0;32mI (29) boot: Multicore bootloader[0m
[0;32mI (31) boot: chip revision: v3.0[0m
[0;32mI (34) boot.esp32: SPI Speed      : 40MHz[0m
[0;32mI (37) boot.esp32: SPI Mode       : DIO[0m
[0;32mI (41) boot.esp32: SPI Flash Size : 2MB[0m
[0;32mI (45) boot: Enabling RNG early entropy source...[0m
[0;32mI (49) boot: Partition Table:[0m
[0;32mI (52) boot: ## Label            Usage          Type ST Offset   Length[0m
[0;32mI (58) boot:  0 nvs              WiFi data        01 02 00009000 00006000[0m
[0;32mI (65) boot:  1 phy_init         RF data          01 01 0000f000 00001000[0m
[0;32mI (71) boot:  2 factory          factory app      00 00 00010000 00100000[0m
[0;32mI (78) boot: End of partition table[0m
[0;32mI (81) esp_image: segment 0: paddr=00010020 vaddr=3f400020 size=09200h ( 37376) map[0m
[0;32mI (101) esp_image: segment 1: paddr=00019228 vaddr=3ff80000 size=00020h (    32) load[0m
[0;32mI (101) esp_image: segment 2: paddr=00019250 vaddr=3ffb0000 size=022a8h (  8872) load[0m
[0;32mI (109) esp_image: segment 3: paddr=0001b500 vaddr=40080000 size=04b18h ( 19224) load[0m
[0;32mI (121) esp_image: segment 4: paddr=00020020 vaddr=400d0020 size=161bch ( 90556) map[0m
[0;32mI (152) esp_image: segment 5: paddr=000361e4 vaddr=40084b18 size=09548h ( 38216) load[0m
[0;32mI (174) boot: Loaded app from partition at offset 0x10000[0m
[0;32mI (174) boot: Disabling RNG early entropy source...[0m
[0;32mI (184) cpu_start: Multicore app[0m
[0;32mI (193) cpu_start: Pro cpu start user code[0m
[0;32mI (193) cpu_start: cpu freq: 160000000 Hz[0m
[0;32mI (193) app_init: Application information:[0m
[0;32mI (193) app_init: Project name:     RTOS_part2[0m
[0;32mI (197) app_init: App version:      v5.5-dirty[0m
[0;32mI (201) app_init: Compile time:     Aug 18 2025 09:29:49[0m
[0;32mI (206) app_init: ELF file SHA256:  f6f1bc017...[0m
[0;32mI (210) app_init: ESP-IDF:          v5.5-dirty[0m
[0;32mI (215) efuse_init: Min chip rev:     v0.0[0m
[0;32mI (218) efuse_init: Max chip rev:     v3.99 [0m
[0;32mI (222) efuse_init: Chip rev:         v3.0[0m
[0;32mI (227) heap_init: Initializing. RAM available for dynamic allocation:[0m
[0;32mI (233) heap_init: At 3FFAE6E0 len 00001920 (6 KiB): DRAM[0m
[0;32mI (238) heap_init: At 3FFB2B40 len 0002D4C0 (181 KiB): DRAM[0m
[0;32mI (243) heap_init: At 3FFE0440 len 00003AE0 (14 KiB): D/IRAM[0m
[0;32mI (248) heap_init: At 3FFE4350 len 0001BCB0 (111 KiB): D/IRAM[0m
[0;32mI (254) heap_init: At 4008E060 len 00011FA0 (71 KiB): IRAM[0m
[0;32mI (260) spi_flash: detected chip: generic[0m
[0;32mI (263) spi_flash: flash io: dio[0m
[0;33mW (266) spi_flash: Detected size(4096k) larger than the size in the binary image header(2048k). Using the size in the binary image header.[0m
[0;32mI (279) main_task: Started on CPU0[0m
[0;32mI (289) main_task: Calling app_main()[0m
[0;32mI (289) UART: Task 1 sent: Task 1 of Bach (cnt = 1)[0m

[0;32mI (289) main_task: Returned from app_main()[0m
[0;32mI (1079) UART: Task 2 sent: Task 2 of Bach (cnt = 1)[0m

[0;32mI (1689) UART: Received line 1: Task 2 of Bach (cnt = 4)[0m
[0;32mI (1689) UART: Received line 2: [0m

[0;32mI (2189) UART: Task 1 sent: Task 1 of Bach (cnt = 2)[0m

[0;32mI (2959) UART: Task 2 sent: Task 2 of Bach (cnt = 2)[0m

[0;32mI (3579) UART: Received line 1: Task 1 of Bach (cnt = 5)[0m
[0;32mI (3579) UART: Received line 2: [0m

[0;32mI (4079) UART: Task 1 sent: Task 1 of Bach (cnt = 3)[0m

[0;32mI (4639) UART: Task 2 sent: Task 2 of Bach (cnt = 3)[0m

[0;32mI (5209) UART: Received line 1: Task 2 of Bach (cnt = 5)[0m
[0;32mI (5209) UART: Received line 2: [0m

[0;32mI (5709) UART: Task 1 sent: Task 1 of Bach (cnt = 4)[0m

[0;32mI (6409) UART: Task 2 sent: Task 2 of Bach (cnt = 4)[0m

[0;32mI (7249) UART: Received line 1: Task 1 of Bach (cnt = 6)[0m
[0;32mI (7249) UART: Received line 2: [0m

[0;32mI (7749) UART: Task 1 sent: Task 1 of Bach (cnt = 5)[0m

[0;32mI (8479) UART: Task 2 sent: Task 2 of Bach (cnt = 5)[0m

[0;32mI (9029) UART: Received line 1: Task 2 of Bach (cnt = 6)[0m
[0;32mI (9029) UART: Received line 2: [0m

[0;32mI (9529) UART: Task 1 sent: Task 1 of Bach (cnt = 6)[0m

[0;32mI (10029) UART: Task 2 sent: Task 2 of Bach (cnt = 6)[0m

[0;32mI (10749) UART: Received line 1: Task 1 of Bach (cnt = 7)[0m
[0;32mI (10749) UART: Received line 2: [0m

[0;32mI (11249) UART: Task 1 sent: Task 1 of Bach (cnt = 7)[0m

[0;32mI (11769) UART: Task 2 sent: Task 2 of Bach (cnt = 7)[0m

[0;32mI (12299) UART: Received line 1: Task 2 of Bach (cnt = 7)[0m
[0;32mI (12299) UART: Received line 2: [0m

[0;32mI (12799) UART: Task 1 sent: Task 1 of Bach (cnt = 8)[0m

[0;32mI (13509) UART: Task 2 sent: Task 2 of Bach (cnt = 8)[0m

[0;32mI (14289) UART: Received line 1: Task 1 of Bach (cnt = 8)[0m
[0;32mI (14289) UART: Received line 2: [0m

[0;32mI (14789) UART: Task 1 sent: Task 1 of Bach (cnt = 9)[0m

[0;32mI (15439) UART: Task 2 sent: Task 2 of Bach (cnt = 9)[0m

[0;32mI (16149) UART: Received line 1: Task 2 of Bach (cnt = 8)[0m
[0;32mI (16149) UART: Received line 2: [0m

[0;32mI (16649) UART: Task 1 sent: Task 1 of Bach (cnt = 10)[0m

[0;32mI (17429) UART: Task 2 sent: Task 2 of Bach (cnt = 10)[0m

[0;32mI (18169) UART: Received line 1: Task 1 of Bach (cnt = 9)[0m
[0;32mI (18169) UART: Received line 2: [0m

[0;32mI (18669) UART: Task 1 sent: Task 1 of Bach (cnt = 11)[0m

[0;32mI (19409) UART: Task 2 sent: Task 2 of Bach (cnt = 11)[0m

[0;32mI (20199) UART: Received line 1: Task 2 of Bach (cnt = 9)[0m
[0;32mI (20199) UART: Received line 2: [0m

[0;32mI (20699) UART: Task 1 sent: Task 1 of Bach (cnt = 12)[0m

[0;32mI (21349) UART: Task 2 sent: Task 2 of Bach (cnt = 12)[0m

[0;32mI (22049) UART: Received line 1: Task 1 of Bach (cnt = 10)[0m
[0;32mI (22049) UART: Received line 2: [0m

[0;32mI (22549) UART: Task 1 sent: Task 1 of Bach (cnt = 13)[0m

[0;32mI (23059) UART: Task 2 sent: Task 2 of Bach (cnt = 13)[0m

[0;32mI (23949) UART: Received line 1: Task 2 of Bach (cnt = 10)[0m
[0;32mI (23949) UART: Received line 2: [0m

[0;32mI (24449) UART: Task 1 sent: Task 1 of Bach (cnt = 14)[0m

[0;32mI (25239) UART: Task 2 sent: Task 2 of Bach (cnt = 14)[0m

[0;32mI (25859) UART: Received line 1: Task 1 of Bach (cnt = 11)[0m
[0;32mI (25859) UART: Received line 2: [0m

[0;32mI (26359) UART: Task 1 sent: Task 1 of Bach (cnt = 15)[0m

[0;32mI (26969) UART: Task 2 sent: Task 2 of Bach (cnt = 15)[0m

[0;32mI (27729) UART: Received line 1: Task 2 of Bach (cnt = 11)[0m
[0;32mI (27729) UART: Received line 2: [0m

[0;32mI (28229) UART: Task 1 sent: Task 1 of Bach (cnt = 16)[0m

[0;32mI (28919) UART: Task 2 sent: Task 2 of Bach (cnt = 16)[0m

[0;32mI (29709) UART: Received line 1: Task 1 of Bach (cnt = 12)[0m
[0;32mI (29709) UART: Received line 2: [0m

[0;32mI (30209) UART: Task 1 sent: Task 1 of Bach (cnt = 17)[0m

[0;32mI (30939) UART: Task 2 sent: Task 2 of Bach (cnt = 17)[0m

[0;32mI (31769) UART: Received line 1: Task 2 of Bach (cnt = 12)[0m
[0;32mI (31769) UART: Received line 2: [0m

[0;32mI (32269) UART: Task 1 sent: Task 1 of Bach (cnt = 18)[0m

[0;32mI (33029) UART: Task 2 sent: Task 2 of Bach (cnt = 18)[0m

[0;32mI (33819) UART: Received line 1: Task 1 of Bach (cnt = 13)[0m
[0;32mI (33819) UART: Received line 2: [0m

[0;32mI (34319) UART: Task 1 sent: Task 1 of Bach (cnt = 19)[0m

[0;32mI (35149) UART: Task 2 sent: Task 2 of Bach (cnt = 19)[0m

[0;32mI (35859) UART: Received line 1: Task 2 of Bach (cnt = 13)[0m
[0;32mI (35859) UART: Received line 2: [0m

[0;32mI (36359) UART: Task 1 sent: Task 1 of Bach (cnt = 20)[0m

[0;32mI (37169) UART: Task 2 sent: Task 2 of Bach (cnt = 20)[0m

[0;32mI (38049) UART: Received line 1: Task 1 of Bach (cnt = 14)[0m
[0;32mI (38049) UART: Received line 2: [0m

[0;32mI (38549) UART: Task 1 sent: Task 1 of Bach (cnt = 21)[0m

[0;32mI (39329) UART: Task 2 sent: Task 2 of Bach (cnt = 21)[0m

[0;32mI (39899) UART: Received line 1: Task 2 of Bach (cnt = 14)[0m
[0;32mI (39899) UART: Received line 2: [0m

[0;32mI (40399) UART: Task 1 sent: Task 1 of Bach (cnt = 22)[0m

[0;32mI (41129) UART: Task 2 sent: Task 2 of Bach (cnt = 22)[0m

[0;32mI (41929) UART: Received line 1: Task 1 of Bach (cnt = 15)[0m
[0;32mI (41929) UART: Received line 2: [0m

[0;32mI (42429) UART: Task 1 sent: Task 1 of Bach (cnt = 23)[0m

[0;32mI (43069) UART: Task 2 sent: Task 2 of Bach (cnt = 23)[0m

[0;32mI (43939) UART: Received line 1: Task 2 of Bach (cnt = 15)[0m
[0;32mI (43939) UART: Received line 2: [0m

[0;32mI (44439) UART: Task 1 sent: Task 1 of Bach (cnt = 24)[0m

[0;32mI (45079) UART: Task 2 sent: Task 2 of Bach (cnt = 24)[0m

[0;32mI (45679) UART: Received line 1: Task 1 of Bach (cnt = 16)[0m
[0;32mI (45679) UART: Received line 2: [0m

[0;32mI (46179) UART: Task 1 sent: Task 1 of Bach (cnt = 25)[0m

[0;32mI (46699) UART: Task 2 sent: Task 2 of Bach (cnt = 25)[0m

[0;32mI (47339) UART: Received line 1: Task 2 of Bach (cnt = 16)[0m
[0;32mI (47339) UART: Received line 2: [0m

[0;32mI (47839) UART: Task 1 sent: Task 1 of Bach (cnt = 26)[0m

[0;32mI (48419) UART: Task 2 sent: Task 2 of Bach (cnt = 26)[0m

[0;32mI (49019) UART: Received line 1: Task 1 of Bach (cnt = 17)[0m
[0;32mI (49019) UART: Received line 2: [0m

[0;32mI (49519) UART: Task 1 sent: Task 1 of Bach (cnt = 27)[0m

[0;32mI (50309) UART: Task 2 sent: Task 2 of Bach (cnt = 27)[0m

[0;32mI (51039) UART: Received line 1: Task 2 of Bach (cnt = 17)[0m
[0;32mI (51039) UART: Received line 2: [0m

[0;32mI (51539) UART: Task 1 sent: Task 1 of Bach (cnt = 28)[0m

[0;32mI (52419) UART: Task 2 sent: Task 2 of Bach (cnt = 28)[0m

