Command: C:\PROJECT_ESP32\Espressif\python_env\idf5.5_py3.11_env\Scripts\python.exe C:\PROJECT_ESP32\Espressif\frameworks\esp-idf-v5.5\tools/idf_monitor.py -p COM6 -b 115200 --toolchain-prefix xtensa-esp32-elf- --target esp32 --revision 0 C:\PROJECT_ESP32\Espressif\frameworks\esp-idf-v5.5\examples\get-started\RTOS_part2\build\RTOS_part2.elf C:\PROJECT_ESP32\Espressif\frameworks\esp-idf-v5.5\examples\get-started\RTOS_part2\build\bootloader\bootloader.elf --force-color -m 'C:\PROJECT_ESP32\Espressif\python_env\idf5.5_py3.11_env\Scripts\python.exe' 'C:\PROJECT_ESP32\Espressif\frameworks\esp-idf-v5.5\tools\idf.py' '-p' 'COM6'
'ï¿½A%ï¿½Speed      : 40ets Jul 29 2019 12:21:46

rst:0x1 (POWERON_RESET),boot:0x13 (SPI_FAST_FLASH_BOOT)
configsip: 0, SPIWP:0xee
clk_drv:0x00,q_drv:0x00,d_drv:0x00,cs0_drv:0x00,hd_drv:0x00,wp_drv:0x00
mode:DIO, clock div:2
load:0x3fff0030,len:6380
ho 0 tail 12 room 4
load:0x40078000,len:15916
load:0x40080400,len:3860
entry 0x40080638
[0;32mI (29) boot: ESP-IDF v5.5-dirty 2nd stage bootloader[0m
[0;32mI (29) boot: compile time Aug 18 2025 09:30:05[0m
[0;32mI (29) boot: Multicore bootloader[0m
[0;32mI (31) boot: chip revision: v3.0[0m
[0;32mI (34) boot.esp32: SPI Speed      : 40MHz[0m
[0;32mI (37) boot.esp32: SPI Mode       : DIO[0m
[0;32mI (41) boot.esp32: SPI Flash Size : 2MB[0m
[0;32mI (45) boot: Enabling RNG early entropy source...[0m
[0;32mI (49) boot: Partition Table:[0m
[0;32mI (52) boot: ## Label            Usage          Type ST Offset   Length[0m
[0;32mI (58) boot:  0 nvs              WiFi data        01 02 00009000 00006000[0m
[0;32mI (65) boot:  1 phy_init         RF data          01 01 0000f000 00001000[0m
[0;32mI (71) boot:  2 factory          factory app      00 00 00010000 00100000[0m
[0;32mI (78) boot: End of partition table[0m
[0;32mI (81) esp_image: segment 0: paddr=00010020 vaddr=3f400020 size=08f18h ( 36632) map[0m
[0;32mI (101) esp_image: segment 1: paddr=00018f40 vaddr=3ff80000 size=00020h (    32) load[0m
[0;32mI (101) esp_image: segment 2: paddr=00018f68 vaddr=3ffb0000 size=022a8h (  8872) load[0m
[0;32mI (109) esp_image: segment 3: paddr=0001b218 vaddr=40080000 size=04e00h ( 19968) load[0m
[0;32mI (121) esp_image: segment 4: paddr=00020020 vaddr=400d0020 size=12e60h ( 77408) map[0m
[0;32mI (148) esp_image: segment 5: paddr=00032e88 vaddr=40084e00 size=0930ch ( 37644) load[0m
[0;32mI (169) boot: Loaded app from partition at offset 0x10000[0m
[0;32mI (169) boot: Disabling RNG early entropy source...[0m
[0;32mI (180) cpu_start: Multicore app[0m
[0;32mI (188) cpu_start: Pro cpu start user code[0m
[0;32mI (188) cpu_start: cpu freq: 160000000 Hz[0m
[0;32mI (188) app_init: Application information:[0m
[0;32mI (188) app_init: Project name:     RTOS_part2[0m
[0;32mI (192) app_init: App version:      v5.5-dirty[0m
[0;32mI (197) app_init: Compile time:     Aug 18 2025 09:29:49[0m
[0;32mI (202) app_init: ELF file SHA256:  c2d58a801...[0m
[0;32mI (206) app_init: ESP-IDF:          v5.5-dirty[0m
[0;32mI (210) efuse_init: Min chip rev:     v0.0[0m
[0;32mI (214) efuse_init: Max chip rev:     v3.99 [0m
[0;32mI (218) efuse_init: Chip rev:         v3.0[0m
[0;32mI (222) heap_init: Initializing. RAM available for dynamic allocation:[0m
[0;32mI (228) heap_init: At 3FFAE6E0 len 00001920 (6 KiB): DRAM[0m
[0;32mI (233) heap_init: At 3FFB2B30 len 0002D4D0 (181 KiB): DRAM[0m
[0;32mI (238) heap_init: At 3FFE0440 len 00003AE0 (14 KiB): D/IRAM[0m
[0;32mI (244) heap_init: At 3FFE4350 len 0001BCB0 (111 KiB): D/IRAM[0m
[0;32mI (249) heap_init: At 4008E10C len 00011EF4 (71 KiB): IRAM[0m
[0;32mI (256) spi_flash: detected chip: generic[0m
[0;32mI (258) spi_flash: flash io: dio[0m
[0;33mW (261) spi_flash: Detected size(4096k) larger than the size in the binary image header(2048k). Using the size in the binary image header.[0m
[0;32mI (274) main_task: Started on CPU0[0m
[0;32mI (284) main_task: Calling app_main()[0m
[0;32mI (284) main_task: Returned from app_main()[0m
Received from UART1 (loopback): Hello UART!

Received from UART1 (loopback): Hello UART!

Received from UART1 (loopback): Hello UART!

Received from UART1 (loopback): Hello UART!

Received from UART1 (loopback): Hello UART!

Received from UART1 (loopback): Hello UART!

Received from UART1 (loopback): Hello UART!

Received from UART1 (loopback): Hello UART!

Received from UART1 (loopback): Hello UART!

Received from UART1 (loopback): Hello UART!

Received from UART1 (loopback): Hello UART!

Received from UART1 (loopback): Hello UART!

Received from UART1 (loopback): Hello UART!

Received from UART1 (loopback): Hello UART!

Received from UART1 (loopback): Hello UART!

Received from UART1 (loopback): Hello UART!

Received from UART1 (loopback): Hello UART!

Received from UART1 (loopback): Hello UART!

Received from UART1 (loopback): Hello UART!

Received from UART1 (loopback): Hello UART!

Received from UART1 (loopback): Hello UART!

