Command: C:\PROJECT_ESP32\Espressif\python_env\idf5.5_py3.11_env\Scripts\python.exe C:\PROJECT_ESP32\Espressif\frameworks\esp-idf-v5.5\tools/idf_monitor.py -p COM7 -b 115200 --toolchain-prefix xtensa-esp32-elf- --target esp32 --revision 0 C:\PROJECT_ESP32\Espressif\frameworks\esp-idf-v5.5\examples\get-started\RTOS_part2\build\RTOS_part2.elf C:\PROJECT_ESP32\Espressif\frameworks\esp-idf-v5.5\examples\get-started\RTOS_part2\build\bootloader\bootloader.elf --force-color -m 'C:\PROJECT_ESP32\Espressif\python_env\idf5.5_py3.11_env\Scripts\python.exe' 'C:\PROJECT_ESP32\Espressif\frameworks\esp-idf-v5.5\tools\idf.py' '-p' 'COM7'
 v3.0
[0;32mI (34) boot.esp32: SPI Speï¿½ets Jul 29 2019 12:21:46[0m

rst:0x1 (POWERON_RESET),boot:0x13 (SPI_FAST_FLASH_BOOT)
configsip: 0, SPIWP:0xee
clk_drv:0x00,q_drv:0x00,d_drv:0x00,cs0_drv:0x00,hd_drv:0x00,wp_drv:0x00
mode:DIO, clock div:2
load:0x3fff0030,len:6380
ho 0 tail 12 room 4
load:0x40078000,len:15916
load:0x40080400,len:3860
entry 0x40080638
[0;32mI (29) boot: ESP-IDF v5.5-dirty 2nd stage bootloader[0m
[0;32mI (29) boot: compile time Aug 18 2025 09:30:05[0m
[0;32mI (29) boot: Multicore bootloader[0m
[0;32mI (31) boot: chip revision: v3.0[0m
[0;32mI (34) boot.esp32: SPI Speed      : 40MHz[0m
[0;32mI (37) boot.esp32: SPI Mode       : DIO[0m
[0;32mI (41) boot.esp32: SPI Flash Size : 2MB[0m
[0;32mI (45) boot: Enabling RNG early entropy source...[0m
[0;32mI (49) boot: Partition Table:[0m
[0;32mI (52) boot: ## Label            Usage          Type ST Offset   Length[0m
[0;32mI (58) boot:  0 nvs              WiFi data        01 02 00009000 00006000[0m
[0;32mI (65) boot:  1 phy_init         RF data          01 01 0000f000 00001000[0m
[0;32mI (71) boot:  2 factory          factory app      00 00 00010000 00100000[0m
[0;32mI (78) boot: End of partition table[0m
[0;32mI (81) esp_image: segment 0: paddr=00010020 vaddr=3f400020 size=08f98h ( 36760) map[0m
[0;32mI (101) esp_image: segment 1: paddr=00018fc0 vaddr=3ff80000 size=00020h (    32) load[0m
[0;32mI (101) esp_image: segment 2: paddr=00018fe8 vaddr=3ffb0000 size=022a8h (  8872) load[0m
[0;32mI (109) esp_image: segment 3: paddr=0001b298 vaddr=40080000 size=04d80h ( 19840) load[0m
[0;32mI (121) esp_image: segment 4: paddr=00020020 vaddr=400d0020 size=12ef4h ( 77556) map[0m
[0;32mI (148) esp_image: segment 5: paddr=00032f1c vaddr=40084d80 size=0938ch ( 37772) load[0m
[0;32mI (169) boot: Loaded app from partition at offset 0x10000[0m
[0;32mI (169) boot: Disabling RNG early entropy source...[0m
[0;32mI (180) cpu_start: Multicore app[0m
[0;32mI (188) cpu_start: Pro cpu start user code[0m
[0;32mI (188) cpu_start: cpu freq: 160000000 Hz[0m
[0;32mI (188) app_init: Application information:[0m
[0;32mI (188) app_init: Project name:     RTOS_part2[0m
[0;32mI (193) app_init: App version:      v5.5-dirty[0m
[0;32mI (197) app_init: Compile time:     Aug 18 2025 09:29:49[0m
[0;32mI (202) app_init: ELF file SHA256:  c131c0c5b...[0m
[0;32mI (206) app_init: ESP-IDF:          v5.5-dirty[0m
[0;32mI (210) efuse_init: Min chip rev:     v0.0[0m
[0;32mI (214) efuse_init: Max chip rev:     v3.99 [0m
[0;32mI (218) efuse_init: Chip rev:         v3.0[0m
[0;32mI (222) heap_init: Initializing. RAM available for dynamic allocation:[0m
[0;32mI (228) heap_init: At 3FFAE6E0 len 00001920 (6 KiB): DRAM[0m
[0;32mI (233) heap_init: At 3FFB2B38 len 0002D4C8 (181 KiB): DRAM[0m
[0;32mI (239) heap_init: At 3FFE0440 len 00003AE0 (14 KiB): D/IRAM[0m
[0;32mI (244) heap_init: At 3FFE4350 len 0001BCB0 (111 KiB): D/IRAM[0m
[0;32mI (249) heap_init: At 4008E10C len 00011EF4 (71 KiB): IRAM[0m
[0;32mI (256) spi_flash: detected chip: generic[0m
[0;32mI (258) spi_flash: flash io: dio[0m
[0;33mW (261) spi_flash: Detected size(4096k) larger than the size in the binary image header(2048k). Using the size in the binary image header.[0m
[0;32mI (274) main_task: Started on CPU0[0m
[0;32mI (284) main_task: Calling app_main()[0m
[0;32mI (284) main_task: Returned from app_main()[0m
[0;32mI (1764) ESP2: Received from ESP1: hello ESP2 task 2 96[0m
hello ESP2 task 1 97
hello ESP2 task 2 9
[0;32mI (3714) ESP2: Received from ESP1: 7[0m
hello ESP2 task 1 98
hello ESP2 task 2 98
hello ESP2 task 
[1;31mE (3714) ESP2: Error! Received wrong data format from ESP1.[0m
[0;32mI (5804) ESP2: Received from ESP1: 1 99[0m
hello ESP2 task 2 99
hello ESP2 task 1 100
hello ESP2 t
[1;31mE (5804) ESP2: Error! Received wrong data format from ESP1.[0m
[0;32mI (7784) ESP2: Received from ESP1: ask 2 100[0m
hello ESP2 task 1 101
hello ESP2 task 2 101
hello 
[1;31mE (7784) ESP2: Error! Received wrong data format from ESP1.[0m
[0;32mI (9334) ESP2: Received from ESP1: ESP2 task 1 102[0m
hello ESP2 task 2 102
hello ESP2 task 1 103

[1;31mE (9334) ESP2: Error! Received wrong data format from ESP1.[0m
[0;32mI (11324) ESP2: Received from ESP1: hello ESP2 task 2 103[0m
hello ESP2 task 1 104
hello ESP2 task 2
[0;32mI (11324) ESP2: Sent back to ESP1: hello ESP2 task 2 96[0m
hello ESP2 task 1 97
hello ESP2 task 2 9
[0;32mI (11324) ESP2: Sent back to ESP1: hello ESP2 task 2 103[0m
hello ESP2 task 1 104
hello ESP2 task 2
[0;32mI (13464) ESP2: Received from ESP1:  104[0m
hello ESP2 task 1 105
hello ESP2 task 2 105
hello ESP2 
[1;31mE (13464) ESP2: Error! Received wrong data format from ESP1.[0m
[0;32mI (15504) ESP2: Received from ESP1: task 1 106[0m
hello ESP2 task 2 106
hello ESP2 task 1 107
hello
[1;31mE (15504) ESP2: Error! Received wrong data format from ESP1.[0m
[0;32mI (16984) ESP2: Received from ESP1:  ESP2 task 2 107[0m
hello ESP2 task 1 108
hello ESP2 task 2 108
[1;31mE (16984) ESP2: Error! Received wrong data format from ESP1.[0m
[0;32mI (19004) ESP2: Received from ESP1: [0m
hello ESP2 task 1 109
hello ESP2 task 2 109
hello ESP2 task 
[1;31mE (19004) ESP2: Error! Received wrong data format from ESP1.[0m
[0;32mI (21194) ESP2: Received from ESP1: 1 110[0m
hello ESP2 task 2 110
hello ESP2 task 1 111
hello ESP2
[1;31mE (21194) ESP2: Error! Received wrong data format from ESP1.[0m
[0;32mI (22934) ESP2: Received from ESP1:  task 2 111[0m
hello ESP2 task 1 112
hello ESP2 task 2 112
hell
[1;31mE (22934) ESP2: Error! Received wrong data format from ESP1.[0m
[0;32mI (24334) ESP2: Received from ESP1: o ESP2 task 1 113[0m
hello ESP2 task 2 113
hello ESP2 task 1 114
[1;31mE (24334) ESP2: Error! Received wrong data format from ESP1.[0m
[0;32mI (26374) ESP2: Received from ESP1: [0m
hello ESP2 task 2 114
hello ESP2 task 1 115
hello ESP2 task
[1;31mE (26374) ESP2: Error! Received wrong data format from ESP1.[0m
[0;32mI (28694) ESP2: Received from ESP1:  2 115[0m
hello ESP2 task 1 116
hello ESP2 task 2 116
hello ESP
[1;31mE (28694) ESP2: Error! Received wrong data format from ESP1.[0m
[0;32mI (30464) ESP2: Received from ESP1: 2 task 1 117[0m
hello ESP2 task 2 117
hello ESP2 task 1 118
hel
[1;31mE (30464) ESP2: Error! Received wrong data format from ESP1.[0m
[0;32mI (31654) ESP2: Received from ESP1: lo ESP2 task 2 118[0m
hello ESP2 task 1 119
hello ESP2 task 2 11
[1;31mE (31654) ESP2: Error! Received wrong data format from ESP1.[0m
[0;32mI (33614) ESP2: Received from ESP1: 9[0m
hello ESP2 task 1 120
hello ESP2 task 2 120
hello ESP2 tas
[1;31mE (33614) ESP2: Error! Received wrong data format from ESP1.[0m
[0;32mI (35554) ESP2: Received from ESP1: k 1 121[0m
hello ESP2 task 2 121
hello ESP2 task 1 122
hello ES
[1;31mE (35554) ESP2: Error! Received wrong data format from ESP1.[0m
[0;32mI (37184) ESP2: Received from ESP1: P2 task 2 122[0m
hello ESP2 task 1 123
hello ESP2 task 2 123

[1;31mE (37184) ESP2: Error! Received wrong data format from ESP1.[0m
[0;32mI (37834) ESP2: Received from ESP1: [0m
[1;31mE (37834) ESP2: Error! Received wrong data format from ESP1.[0m
[0;32mI (38514) ESP2: Received from ESP1: ï¿½
[1;31mE (38514) ESP2: Error! Received wrong data format from ESP1.[0m
[0;32mI (39254) ESP2: Received from ESP1: ï¿½ï¿½[0m
[1;31mE (39254) ESP2: Error! Received wrong data format from ESP1.[0m
[0;32mI (39894) ESP2: Received from ESP1: 1[0m

[1;31mE (39894) ESP2: Error! Received wrong data format from ESP1.[0m
[0;32mI (41254) ESP2: Received from ESP1: [0m
[1;31mE (41254) ESP2: Error! Received wrong data format from ESP1.[0m
[0;32mI (43004) ESP2: Received from ESP1: lo ESP2 task 1 2[0m
hello ESP2 task 2 2
hello ESP2 task 1 3
hel
[1;31mE (43004) ESP2: Error! Received wrong data format from ESP1.[0m
ï¿½ï¿½2: SPI Speed      : 40MHz
[0;32mI (37) boot.esp32: SPI Mode       : DIO[0m
[0;32mI (41) boot.esp32: SPI Flash Size : 2MB[0m
[0;32mI (45) boot: Enabling RNG early entropy source...[0m
[0;32mI (49) boot: Partition Table:[0m
[0;32mI (52) boot: ## Label            Usage          Type ST Offset   Length[0m
[0;32mI (58) boot:  0 nvs              WiFi data        01 02 00009000 00006000[0m
[0;32mI (65) boot:  1 phy_init         RF data          01 01 0000f000 00001000[0m
[0;32mI (71) boot:  2 factory          factory app      00 00 00010000 00100000[0m
[0;32mI (78) boot: End of partition table[0m
[0;32mI (81) esp_image: segment 0: paddr=00010020 vaddr=3f400020 size=09694h ( 38548) map[0m
[0;32mI (102) esp_image: segment 1: paddr=000196bc vaddr=3ff80000 size=00020h (    32) load[0m
[0;32mI (102) esp_image: segment 2: paddr=000196e4 vaddr=3ffb0000 size=022a8h (  8872) load[0m
[0;32mI (109) esp_image: segment 3: paddr=0001b994 vaddr=40080000 size=04684h ( 18052) load[0m
[0;32mI (120) esp_image: segment 4: paddr=00020020 vaddr=400d0020 size=1ba94h (113300) map[0m
[0;32mI (159) esp_image: segment 5: paddr=0003babc vaddr=40084684 size=099d0h ( 39376) load[0m
[0;32mI (182) boot: Loaded app from partition at offset 0x10000[0m
[0;32mI (182) boot: Disabling RNG early entropy source...[0m
[0;32mI (192) cpu_start: Multicore app[0m
[0;32mI (200) cpu_start: Pro cpu start user code[0m
[0;32mI (201) cpu_start: cpu freq: 160000000 Hz[0m
[0;32mI (201) app_init: Application information:[0m
[0;32mI (201) app_init: Project name:     RTOS_UART[0m
[0;32mI (205) app_init: App version:      v5.5-dirty[0m
[0;32mI (209) app_init: Compile time:     Aug 21 2025 09:39:39[0m
[0;32mI (214) app_init: ELF file SHA256:  0b359d1fc...[0m
[0;32mI (218) app_init: ESP-IDF:          v5.5-dirty[0m
[0;32mI (222) efuse_init: Min chip rev:     v0.0[0m
[0;32mI (226) efuse_init: Max chip rev:     v3.99 [0m
[0;32mI (230) efuse_init: Chip rev:         v3.0[0m
[0;32mI (234) heap_init: Initializing. RAM available for dynamic allocation:[0m
[0;32mI (241) heap_init: At 3FFAE6E0 len 00001920 (6 KiB): DRAM[0m
[0;32mI (245) heap_init: At 3FFB2BC8 len 0002D438 (181 KiB): DRAM[0m
[0;32mI (251) heap_init: At 3FFE0440 len 00003AE0 (14 KiB): D/IRAM[0m
[0;32mI (256) heap_init: At 3FFE4350 len 0001BCB0 (111 KiB): D/IRAM[0m
[0;32mI (262) heap_init: At 4008E054 len 00011FAC (71 KiB): IRAM[0m
[0;33mW (268) spi_flash: boya detected but related driver is not linked, please check option `SPI_FLASH_SUPPORT_BOYA_CHIP`[0m
[0;32mI (277) spi_flash: detected chip: generic[0m
[0;32mI (281) spi_flash: flash io: dio[0m
[0;33mW (284) spi_flash: Detected size(4096k) larger than the size in the binary image header(2048k). Using the size in the binary image header.[0m
[0;32mI (297) main_task: Started on CPU0[0m
[0;32mI (307) main_task: Calling app_main()[0m
[0;32mI (307) UART_RTOS: TX1: UART from Task1! [counter=0][0m
[0;32mI (307) UART_RTOS: TX2: UART from Task2! [counter=0][0m
[0;32mI (307) main_task: Returned from app_main()[0m
[0;32mI (427) UART_RTOS: ESP1 received: hello ESP2 task 2 11 | counter=-1[0m
[0;32mI (847) UART_RTOS: TX2: UART from Task2! [counter=1][0m
[0;32mI (1027) UART_RTOS: ESP1 received: hello ESP2 task 1 12[0m | counter=-1
[0;32mI (1067) UART_RTOS: TX1: UART from Task1! [counter=1][0m
[0;32mI (1587) UART_RTOS: TX2: UART from Task2! [counter=2][0m
[0;32mI (1627) UART_RTOS: ESP1 received: hello ESP2 task 2 12[0m | counter=-1
[0;32mI (1757) UART_RTOS: TX1: UART from Task1! [counter=2][0m
[0;32mI (2097) UART_RTOS: ESP1 received: hello ESP2 task 1 13[0m | counter=-1
[0;32mI (2147) UART_RTOS: TX2: UART from Task2! [counter=3][0m
[0;32mI (2637) UART_RTOS: TX1: UART from Task1! [counter=3][0m
[0;32mI (2697) UART_RTOS: ESP1 received: hello ESP2 task 2 13[0m | counter=-1
[0;32mI (2787) UART_RTOS: TX2: UART from Task2! [counter=4][0m
[0;32mI (3187) UART_RTOS: TX1: UART from Task1! [counter=4][0m
[0;32mI (3357) UART_RTOS: ESP1 received: hello ESP2 task 1 14[0m | counter=-1
[0;32mI (3597) UART_RTOS: TX2: UART from Task2! [counter=5][0m
[0;32mI (4007) UART_RTOS: TX1: UART from Task1! [counter=5][0m
[0;32mI (4177) UART_RTOS: ESP1 received: hello ESP2 task 2 14[0m | counter=-1
[0;32mI (4367) UART_RTOS: TX2: UART from Task2! [counter=6][0m
[0;32mI (4787) UART_RTOS: TX1: UART from Task1! [counter=6][0m
[0;32mI (5037) UART_RTOS: ESP1 received: hello ESP2 task 1 15[0m | counter=-1
[0;32mI (5257) UART_RTOS: TX2: UART from Task2! [counter=7][0m
[0;32mI (5397) UART_RTOS: TX1: UART from Task1! [counter=7][0m
[0;32mI (5837) UART_RTOS: ESP1 received: hello ESP2 task 2 15[0m | counter=-1
[0;32mI (6007) UART_RTOS: TX2: UART from Task2! [counter=8][0m
[0;32mI (6277) UART_RTOS: TX1: UART from Task1! [counter=8][0m
[0;32mI (6437) UART_RTOS: ESP1 received: hello ESP2 task 1 16[0m | counter=-1
