Command: C:\PROJECT_ESP32\Espressif\python_env\idf5.5_py3.11_env\Scripts\python.exe C:\PROJECT_ESP32\Espressif\frameworks\esp-idf-v5.5\tools/idf_monitor.py -p COM7 -b 115200 --toolchain-prefix xtensa-esp32-elf- --target esp32 --revision 0 C:\PROJECT_ESP32\Espressif\frameworks\esp-idf-v5.5\examples\get-started\RTOS_part2\build\RTOS_part2.elf C:\PROJECT_ESP32\Espressif\frameworks\esp-idf-v5.5\examples\get-started\RTOS_part2\build\bootloader\bootloader.elf --force-color -m 'C:\PROJECT_ESP32\Espressif\python_env\idf5.5_py3.11_env\Scripts\python.exe' 'C:\PROJECT_ESP32\Espressif\frameworks\esp-idf-v5.5\tools\idf.py' '-p' 'COM7'
: v3.0
[0;32mI (34) boot.eï¿½ets Jul 29 2019 12:21:46[0m

rst:0x1 (POWERON_RESET),boot:0x13 (SPI_FAST_FLASH_BOOT)
configsip: 0, SPIWP:0xee
clk_drv:0x00,q_drv:0x00,d_drv:0x00,cs0_drv:0x00,hd_drv:0x00,wp_drv:0x00
mode:DIO, clock div:2
load:0x3fff0030,len:6380
ho 0 tail 12 room 4
load:0x40078000,len:15916
load:0x40080400,len:3860
entry 0x40080638
[0;32mI (29) boot: ESP-IDF v5.5-dirty 2nd stage bootloader[0m
[0;32mI (29) boot: compile time Aug 18 2025 09:30:05[0m
[0;32mI (29) boot: Multicore bootloader[0m
[0;32mI (31) boot: chip revision: v3.0[0m
[0;32mI (34) boot.esp32: SPI Speed      : 40MHz[0m
[0;32mI (37) boot.esp32: SPI Mode       : DIO[0m
[0;32mI (41) boot.esp32: SPI Flash Size : 2MB[0m
[0;32mI (45) boot: Enabling RNG early entropy source...[0m
[0;32mI (49) boot: Partition Table:[0m
[0;32mI (52) boot: ## Label            Usage          Type ST Offset   Length[0m
[0;32mI (58) boot:  0 nvs              WiFi data        01 02 00009000 00006000[0m
[0;32mI (65) boot:  1 phy_init         RF data          01 01 0000f000 00001000[0m
[0;32mI (71) boot:  2 factory          factory app      00 00 00010000 00100000[0m
[0;32mI (78) boot: End of partition table[0m
[0;32mI (81) esp_image: segment 0: paddr=00010020 vaddr=3f400020 size=091e0h ( 37344) map[0m
[0;32mI (101) esp_image: segment 1: paddr=00019208 vaddr=3ff80000 size=00020h (    32) load[0m
[0;32mI (101) esp_image: segment 2: paddr=00019230 vaddr=3ffb0000 size=022a8h (  8872) load[0m
[0;32mI (109) esp_image: segment 3: paddr=0001b4e0 vaddr=40080000 size=04b38h ( 19256) load[0m
[0;32mI (121) esp_image: segment 4: paddr=00020020 vaddr=400d0020 size=16100h ( 90368) map[0m
[0;32mI (152) esp_image: segment 5: paddr=00036128 vaddr=40084b38 size=0961ch ( 38428) load[0m
[0;32mI (174) boot: Loaded app from partition at offset 0x10000[0m
[0;32mI (174) boot: Disabling RNG early entropy source...[0m
[0;32mI (184) cpu_start: Multicore app[0m
[0;32mI (193) cpu_start: Pro cpu start user code[0m
[0;32mI (193) cpu_start: cpu freq: 160000000 Hz[0m
[0;32mI (193) app_init: Application information:[0m
[0;32mI (193) app_init: Project name:     RTOS_part2[0m
[0;32mI (197) app_init: App version:      v5.5-dirty[0m
[0;32mI (201) app_init: Compile time:     Aug 18 2025 09:29:49[0m
[0;32mI (206) app_init: ELF file SHA256:  1194626b6...[0m
[0;32mI (210) app_init: ESP-IDF:          v5.5-dirty[0m
[0;32mI (215) efuse_init: Min chip rev:     v0.0[0m
[0;32mI (218) efuse_init: Max chip rev:     v3.99 [0m
[0;32mI (222) efuse_init: Chip rev:         v3.0[0m
[0;32mI (227) heap_init: Initializing. RAM available for dynamic allocation:[0m
[0;32mI (233) heap_init: At 3FFAE6E0 len 00001920 (6 KiB): DRAM[0m
[0;32mI (238) heap_init: At 3FFB2B40 len 0002D4C0 (181 KiB): DRAM[0m
[0;32mI (243) heap_init: At 3FFE0440 len 00003AE0 (14 KiB): D/IRAM[0m
[0;32mI (248) heap_init: At 3FFE4350 len 0001BCB0 (111 KiB): D/IRAM[0m
[0;32mI (254) heap_init: At 4008E154 len 00011EAC (71 KiB): IRAM[0m
[0;32mI (260) spi_flash: detected chip: generic[0m
[0;32mI (263) spi_flash: flash io: dio[0m
[0;33mW (266) spi_flash: Detected size(4096k) larger than the size in the binary image header(2048k). Using the size in the binary image header.[0m
[0;32mI (279) main_task: Started on CPU0[0m
[0;32mI (289) main_task: Calling app_main()[0m
[0;32mI (289) UART: Task 1 sent: Task 1 of Bach (cnt = 1)[0m

[0;32mI (289) main_task: Returned from app_main()[0m
[0;32mI (969) UART: Task 2 sent: Task 2 of Bach (cnt = 1)[0m

[0;32mI (1709) UART: Received: [0m
[0;32mI (2209) UART: Task 1 sent: Task 1 of Bach (cnt = 2)[0m

[0;32mI (3079) UART: Task 2 sent: Task 2 of Bach (cnt = 2)[0m

[0;32mI (3589) UART: Received: ï¿½
[0;32mI (4089) UART: Task 1 sent: Task 1 of Bach (cnt = 3)[0m

[0;32mI (4689) UART: Task 2 sent: Task 2 of Bach (cnt = 3)[0m

[0;32mI (5549) UART: Received: ï¿½
[0;32mI (6049) UART: Task 1 sent: Task 1 of Bach (cnt = 4)[0m

[0;32mI (6559) UART: Task 2 sent: Task 2 of Bach (cnt = 4)[0m

[0;32mI (7419) UART: Received: ï¿½
[0;32mI (7919) UART: Task 1 sent: Task 1 of Bach (cnt = 5)[0m

[0;32mI (8519) UART: Task 2 sent: Task 2 of Bach (cnt = 5)[0m

[0;32mI (9399) UART: Received: ï¿½
[0;32mI (9899) UART: Task 1 sent: Task 1 of Bach (cnt = 6)[0m

[0;32mI (10429) UART: Task 2 sent: Task 2 of Bach (cnt = 6)[0m

[0;32mI (11159) UART: Received: k1![0m
TX2: Hello from Task2ï¿½v
[0;32mI (11659) UART: Task 1 sent: Task 1 of Bach (cnt = 7)[0m

[0;32mI (12429) UART: Task 2 sent: Task 2 of Bach (cnt = 7)[0m

[0;32mI (13139) UART: Received: [0m
[0;32mI (13639) UART: Task 1 sent: Task 1 of Bach (cnt = 8)[0m

[0;32mI (14149) UART: Task 2 sent: Task 2 of Bach (cnt = 8)[0m

[0;32mI (14789) UART: Received: ï¿½[0m
[0;32mI (15289) UART: Task 1 sent: Task 1 of Bach (cnt = 9)[0m

[0;32mI (16139) UART: Task 2 sent: Task 2 of Bach (cnt = 9)[0m

[0;32mI (16969) UART: Received: [0m
[0;32mI (17469) UART: Task 1 sent: Task 1 of Bach (cnt = 10)[0m

[0;32mI (18029) UART: Task 2 sent: Task 2 of Bach (cnt = 10)[0m

[0;32mI (18849) UART: Received: ï¿½
[0;32mI (19349) UART: Task 1 sent: Task 1 of Bach (cnt = 11)[0m

[0;32mI (20069) UART: Task 2 sent: Task 2 of Bach (cnt = 11)[0m

[0;32mI (20949) UART: Received: ï¿½ï¿½[0m
[0;32mI (21449) UART: Task 1 sent: Task 1 of Bach (cnt = 12)[0m

[0;32mI (22169) UART: Task 2 sent: Task 2 of Bach (cnt = 12)[0m

[0;32mI (22839) UART: Received: ï¿½ï¿½ï¿½ï¿½ï¿½É½ï¿½ï¿½Task1![0m

x
[0;32mI (23339) UART: Task 1 sent: Task 1 of Bach (cnt = 13)[0m

[0;32mI (24199) UART: Task 2 sent: Task 2 of Bach (cnt = 13)[0m

[0;32mI (25059) UART: Received: [0m
[0;32mI (25559) UART: Task 1 sent: Task 1 of Bach (cnt = 14)[0m

[0;32mI (26139) UART: Task 2 sent: Task 2 of Bach (cnt = 14)[0m

[0;32mI (26719) UART: Received: ï¿½[0m
[0;32mI (27219) UART: Task 1 sent: Task 1 of Bach (cnt = 15)[0m

[0;32mI (27869) UART: Task 2 sent: Task 2 of Bach (cnt = 15)[0m

[0;32mI (28409) UART: Received: ï¿½ï¿½ï¿½ï¿½Kï¿½ï¿½ï¿½Qï¿½Í­ï¿½![0m

[0;32mI (28909) UART: Task 1 sent: Task 1 of Bach (cnt = 16)[0m

[0;32mI (29609) UART: Task 2 sent: Task 2 of Bach (cnt = 16)[0m

[0;32mI (30109) UART: Received: [0m
[0;32mI (30609) UART: Task 1 sent: Task 1 of Bach (cnt = 17)[0m

[0;32mI (31289) UART: Task 2 sent: Task 2 of Bach (cnt = 17)[0m

[0;32mI (31989) UART: Received: ï¿½X[0m
[0;32mI (32489) UART: Task 1 sent: Task 1 of Bach (cnt = 18)[0m

[0;32mI (33139) UART: Task 2 sent: Task 2 of Bach (cnt = 18)[0m

[0;32mI (33969) UART: Received: [0m
[0;32mI (34469) UART: Task 1 sent: Task 1 of Bach (cnt = 19)[0m

[0;32mI (34999) UART: Task 2 sent: Task 2 of Bach (cnt = 19)[0m

[0;32mI (35679) UART: Received: [0m
[0;32mI (36179) UART: Task 1 sent: Task 1 of Bach (cnt = 20)[0m

[0;32mI (37069) UART: Task 2 sent: Task 2 of Bach (cnt = 20)[0m

[0;32mI (37749) UART: Received: ï¿½
[0;32mI (38249) UART: Task 1 sent: Task 1 of Bach (cnt = 21)[0m

[0;32mI (38889) UART: Task 2 sent: Task 2 of Bach (cnt = 21)[0m

